[Garbage1.wav]
01 = Disk 0001.ape

[Garbage2.wav]
01 = Disk 0002.ape
