[FileTag1.wav]
    01 = CueFile_1.ape

[FileTag2.wav]
    01 = CueFile_2.ape
