[Bush - (1996) Razorblade Suitcase.flac]
01 = Bush - (1996) Razorblade Suitcase.flac
