[Garbage1.wav]
01 = Album [Disk #1].ape

[Garbage2.wav]
01 = Album [Disk #2].ape
