[ DISC 01 / TRACK 01 ]
  FILE	      = 01. Track01.flac
  ALBUM       = "AlbumName"
  PERFORMER   = ArtistName
  TITLE       = Title01
  INDEX CD 00 = 00:00:00
  TRACKNUM    = 1
  TRACKCOUNT  = 2
  DISCNUM     = 1
  DISCCOUNT   = 1

[ DISC 01 / TRACK 02 ]
  FILE        = 02. Track02.flac
  ALBUM       = "AlbumName"
  PERFORMER   = ArtistName
  TITLE       = Title02
  INDEX CD 00 = 00:00:00
  TRACKNUM    = 2
  TRACKCOUNT  = 2
  DISCNUM     = 1
  DISCCOUNT   = 1
