[ DISC 01 / TRACK 01 ]
    INDEX CD 00 = 00:00:00
    INDEX CD 01 = 00:00:32

[ DISC 01 / TRACK 02 ]
    INDEX CD 00 = 03:58:25
    INDEX CD 01 = 03:59:10

[ DISC 01 / TRACK 03 ]
    INDEX CD 00 = 08:15:02
    INDEX CD 01 = 08:15:22

[ DISC 01 / TRACK 04 ]
    INDEX CD 00 = 11:37:52
    INDEX CD 01 = 11:37:57

[ DISC 01 / TRACK 05 ]
    INDEX CD 00 = 14:57:17
    INDEX CD 01 = 14:57:18

[ DISC 01 / TRACK 06 ]
    INDEX CD 00 = 18:51:70
    INDEX CD 01 = 18:51:73

[ DISC 01 / TRACK 07 ]
    INDEX CD 00 = 22:49:67
    INDEX CD 01 = 22:52:00

[ DISC 01 / TRACK 08 ]
    INDEX CD 00 = 26:23:25
    INDEX CD 01 = 26:23:50

[ DISC 01 / TRACK 09 ]
    INDEX CD 00 = 30:39:27
    INDEX CD 01 = 30:40:62

[ DISC 01 / TRACK 10 ]
    INDEX CD 00 = 34:28:27
    INDEX CD 01 = 34:28:42

[ DISC 01 / TRACK 11 ]
    INDEX CD 00 = 37:00:67
    INDEX CD 01 = 37:01:72

[ DISC 01 / TRACK 12 ]
    INDEX CD 00 = 41:35:00
    INDEX CD 01 = 41:35:10
