CUE FILE = Album.cue

[TRACKS/01]
    TITLE = Song01
    DATE = 2013
    DISCID = 123456789
    COMMENT = ExactAudioCopy v0.99pb4
    FILE = Album_Side1.wav
    PERFORMER = Artist
    TITLE = Song01
    INDEX 00 = 00:00.000
    INDEX 01 = 00:00.000

    AUDIO FILE = Album_Side1.wav

[TRACKS/02]
    TITLE = Song02
    DATE = 2013
    DISCID = 123456789
    COMMENT = ExactAudioCopy v0.99pb4
    FILE = Album_Side2.wav
    PERFORMER = Artist
    TITLE = Song02
    INDEX 00 = 00:00.000
    INDEX 01 = 00:00.000

    AUDIO FILE = Album_Side2.wav
