CUE FILE = 1.cue

[TRACKS/01]
    TITLE = Song01
    DATE = 2013
    DISCID = 123456789
    COMMENT = ExactAudioCopy v0.99pb4
    FILE = 1.wav
    PERFORMER = Artist
    TITLE = Song01
    INDEX 00 = 00:00.000
    INDEX 01 = 00:00.000

    AUDIO FILE = 1.wav
