[Garbage1.wav]
01 = Side 1.flac

[Garbage2.wav]
01 = Side 2.flac
