[Garbage1.wav]
01 = Album_Disk1.ape

[Garbage2.wav]
01 = Album_Disk2.ape
