[Album.wav]
    01 = Album.APE
    02 = Album.FLAC
    03 = Album.TTA
    04 = Album.WAV
