[TRACKS/ 01]
  DURATION = 00:45:670

[TRACKS/ 02]
  DURATION = 00:39:100

[TRACKS/ 03]
  DURATION = 01:15:950

[TRACKS/ 04]
  DURATION = 00:58.043
