[FileTag1.wav]
    01 =

[FileTag2.wav]
    01 = CueFile_2.flac
