[Garbage1.wav]
01 = Album Disk 001.ape

[Garbage2.wav]
01 = Album Disk 002.ape
