[TRACKS/ 01]
  DURATION = 5:34:55

[TRACKS/ 02]
  DURATION = 4:48:02

[TRACKS/ 03]
  DURATION = 4:58:05

[TRACKS/ 04]
  DURATION = 6:22:13

[TRACKS/ 05]
  DURATION = 06:24:32

[TRACKS/ 06]
  DURATION = 03:43:08

[TRACKS/ 07]
  DURATION = 04:53:40

[TRACKS/ 08]
  DURATION = 01:00:00
