[FileTag(1).wav]
01 = FileTag(1).wav
02 = CueFile Disk1.ape

[FileTag(2).wav]
01 = FileTag(2).wav
02 = CueFile Disk2.ape
