[Garbage1.wav]
01 = Album_Side1.ape

[Garbage2.wav]
01 = Album_Side2.ape
