[Garbage1.wav]
    01 = Album Side1.ape

[Garbage2.wav]
    01 = Album Side2.ape
